// Jest Snapshot v1, https://goo.gl/fbAQLP

exports[`Tests on <GifApp /> should match the snapshot 1`] = `
<div>
  <h1>
    GifApp
  </h1>
  <form
    aria-label="form"
  >
    <input
      placeholder="Search gifs"
      type="text"
      value=""
    />
  </form>
  <h3>
    Steins Gate
  </h3>
  <h2>
    Loading...
  </h2>
  <div
    class="card-grid"
  />
</div>
`;
